Error in test/golden/imports/lib:
  Name clash: [lib.y]

