Error in non-existent1 on line 1:
import lib (x, a)
               ^

  Symbol `a` not found in `lib`

