Error in badUncons@FC {start = Pos {line = 7, col = 10}, end = Pos {line = 7, col = 31}}:
  Internal error: Expected empty unders after abstract, got:
  (tail :: List(Int))

