Error in test/golden/error/arith_implicit_conversion.brat@2:20-21
f(x, y) = x + (x * y)
                   ^

  Type mismatch when checking y
Expected: (right :: Int)
But got:  (y :: Float)


