Error in test/golden/error/duplicate_decl.brat:
  Name clash: ["inc"]

