Error in test/golden/error/fanin-list.brat@2:5
f = { [\/] }
    ^^^^^^^^

  Type error: Fanin ([\/]) only applies to Vec

