Error in test/golden/error/kvarnotfound.brat@2:12
f = { x => y }
           ^

  y not found in kernel context

