Error in test/golden/error/no_thunk.brat on line 8:
    Rz(2.0 / n); X
             ^

  Type mismatch when checking n
Expected: (right :: Float)
But got:  (n :: Nat)


