Error in pair@FC {start = Pos {line = 5, col = 8}, end = Pos {line = 5, col = 11}}:
  Type mismatch when checking row
Expected: (a1 :: Pair(Int, Bool))
But got:  (a1 :: Int), (b1 :: Bool)


