Error in test/golden/error/pass_empty.brat@2:17-19
f = { (x => x), .. }
                ^^

  Type error: pass is being given an empty row

