Error in test/golden/error/simpleterm.brat@2:10
simple = true
         ^^^^

  "true" is not a valid constructor for type Nat

