Error in test/golden/error/type-arith.brat@1:20
f(n :: #, Vec(Nat, n ^ 3)) -> Bool
                   ^^^^^

  Type error: Type level arithmetic too confusing

