ret > ExitFailure 1
err > brat: user error (err@???
err > a: Cycle detected in imports: a is reachable from b
err > )
err >
