ret > ExitFailure 1
err > Error in b:
err >   Cycle detected in imports: b is reachable from c
err >
err >
