Error in test/golden/cycle/c.brat:
  Cycle detected in imports: c is reachable from a

