Error in cycle_aux:
  Cycle detected in imports: cycle_aux is reachable from cycle

