ret > ExitFailure 1
err > Error in cycle:
err >   Cycle detected in imports: cycle is reachable from cycle_aux
err >
err >
