Error in test/golden/kernel/deleteFst.brat@2:13-29
deleteFst = { q0, q1 => q1 }
            ^^^^^^^^^^^^^^^^

  Type error: Variable(s) q0 haven't been used

